[INFO] Scanning for projects...
[INFO] 
[INFO] ------------------< com.example:SWP391_G2_SE2055-JV >-------------------
[INFO] Building hotel-workforce-management 0.0.1-SNAPSHOT
[INFO]   from pom.xml
[INFO] --------------------------------[ jar ]---------------------------------
[INFO] 
[INFO] >>> spring-boot:3.3.4:run (default-cli) > test-compile @ SWP391_G2_SE2055-JV >>>
[INFO] 
[INFO] --- resources:3.3.1:resources (default-resources) @ SWP391_G2_SE2055-JV ---
[INFO] Copying 2 resources from src\main\resources to target\classes
[INFO] Copying 1 resource from src\main\resources to target\classes
[INFO] 
[INFO] --- compiler:3.13.0:compile (default-compile) @ SWP391_G2_SE2055-JV ---
[INFO] Nothing to compile - all classes are up to date.
[INFO] 
[INFO] --- resources:3.3.1:testResources (default-testResources) @ SWP391_G2_SE2055-JV ---
[INFO] skip non existing resourceDirectory C:\Users\LO PC CS2\Downloads\SWP391_G2_SE2055-JV\src\test\resources
[INFO] 
[INFO] --- compiler:3.13.0:testCompile (default-testCompile) @ SWP391_G2_SE2055-JV ---
[INFO] Nothing to compile - all classes are up to date.
[INFO] 
[INFO] <<< spring-boot:3.3.4:run (default-cli) < test-compile @ SWP391_G2_SE2055-JV <<<
[INFO] 
[INFO] 
[INFO] --- spring-boot:3.3.4:run (default-cli) @ SWP391_G2_SE2055-JV ---
[INFO] Attaching agents: []

  .   ____          _            __ _ _
 /\\ / ___'_ __ _ _(_)_ __  __ _ \ \ \ \
( ( )\___ | '_ | '_| | '_ \/ _` | \ \ \ \
 \\/  ___)| |_)| | | | | || (_| |  ) ) ) )
  '  |____| .__|_| |_|_| |_\__, | / / / /
 =========|_|==============|___/=/_/_/_/

 :: Spring Boot ::                (v3.3.4)

2026-09-08T21:18:44.425+07:00  INFO 17312 --- [hotel-workforce-management] [           main] c.e.S.Swp391G2Se2055JvApplication        : Starting Swp391G2Se2055JvApplication using Java 17.0.12 with PID 17312 (C:\Users\LO PC CS2\Downloads\SWP391_G2_SE2055-JV\target\classes started by LO PC CS2 in C:\Users\LO PC CS2\Downloads\SWP391_G2_SE2055-JV)
2026-09-08T21:18:44.428+07:00 DEBUG 17312 --- [hotel-workforce-management] [           main] c.e.S.Swp391G2Se2055JvApplication        : Running with Spring Boot v3.3.4, Spring v6.1.13
2026-09-08T21:18:44.429+07:00  INFO 17312 --- [hotel-workforce-management] [           main] c.e.S.Swp391G2Se2055JvApplication        : The following 1 profile is active: "dev"
2026-09-08T21:18:44.969+07:00  INFO 17312 --- [hotel-workforce-management] [           main] .s.d.r.c.RepositoryConfigurationDelegate : Bootstrapping Spring Data JPA repositories in DEFAULT mode.
2026-09-08T21:18:45.024+07:00  INFO 17312 --- [hotel-workforce-management] [           main] .s.d.r.c.RepositoryConfigurationDelegate : Finished Spring Data repository scanning in 48 ms. Found 1 JPA repository interface.
2026-09-08T21:18:45.558+07:00  INFO 17312 --- [hotel-workforce-management] [           main] o.s.b.w.embedded.tomcat.TomcatWebServer  : Tomcat initialized with port 8080 (http)
2026-09-08T21:18:45.571+07:00  INFO 17312 --- [hotel-workforce-management] [           main] o.apache.catalina.core.StandardService   : Starting service [Tomcat]
2026-09-08T21:18:45.571+07:00  INFO 17312 --- [hotel-workforce-management] [           main] o.apache.catalina.core.StandardEngine    : Starting Servlet engine: [Apache Tomcat/10.1.30]
2026-09-08T21:18:45.623+07:00  INFO 17312 --- [hotel-workforce-management] [           main] o.a.c.c.C.[Tomcat].[localhost].[/api]    : Initializing Spring embedded WebApplicationContext
2026-09-08T21:18:45.625+07:00  INFO 17312 --- [hotel-workforce-management] [           main] w.s.c.ServletWebServerApplicationContext : Root WebApplicationContext: initialization completed in 1157 ms
2026-09-08T21:18:45.750+07:00  INFO 17312 --- [hotel-workforce-management] [           main] o.hibernate.jpa.internal.util.LogHelper  : HHH000204: Processing PersistenceUnitInfo [name: default]
2026-09-08T21:18:45.801+07:00  INFO 17312 --- [hotel-workforce-management] [           main] org.hibernate.Version                    : HHH000412: Hibernate ORM core version 6.5.3.Final
2026-09-08T21:18:45.828+07:00  INFO 17312 --- [hotel-workforce-management] [           main] o.h.c.internal.RegionFactoryInitiator    : HHH000026: Second-level cache disabled
2026-09-08T21:18:46.059+07:00  INFO 17312 --- [hotel-workforce-management] [           main] o.s.o.j.p.SpringPersistenceUnitInfo      : No LoadTimeWeaver setup: ignoring JPA class transformer
2026-09-08T21:18:46.085+07:00  INFO 17312 --- [hotel-workforce-management] [           main] com.zaxxer.hikari.HikariDataSource       : HikariPool-1 - Starting...
2026-09-08T21:18:46.302+07:00  INFO 17312 --- [hotel-workforce-management] [           main] com.zaxxer.hikari.pool.HikariPool        : HikariPool-1 - Added connection com.mysql.cj.jdbc.ConnectionImpl@7b2e931
2026-09-08T21:18:46.305+07:00  INFO 17312 --- [hotel-workforce-management] [           main] com.zaxxer.hikari.HikariDataSource       : HikariPool-1 - Start completed.
2026-09-08T21:18:46.343+07:00  WARN 17312 --- [hotel-workforce-management] [           main] org.hibernate.orm.deprecation            : HHH90000025: MySQLDialect does not need to be specified explicitly using 'hibernate.dialect' (remove the property setting and it will be selected by default)
2026-09-08T21:18:47.002+07:00  INFO 17312 --- [hotel-workforce-management] [           main] o.h.e.t.j.p.i.JtaPlatformInitiator       : HHH000489: No JTA platform available (set 'hibernate.transaction.jta.platform' to enable JTA platform integration)
2026-09-08T21:18:47.016+07:00 DEBUG 17312 --- [hotel-workforce-management] [           main] org.hibernate.SQL                        : 
    drop table if exists users
Hibernate: 
    drop table if exists users
2026-09-08T21:18:47.036+07:00 DEBUG 17312 --- [hotel-workforce-management] [           main] org.hibernate.SQL                        : 
    create table users (
        enabled bit not null,
        must_change_password bit not null,
        created_at datetime(6),
        id bigint not null auto_increment,
        updated_at datetime(6),
        username varchar(60) not null,
        email varchar(120) not null,
        password varchar(255) not null,
        role enum ('ACCOUNTANT','DEPARTMENT_MANAGER','EMPLOYEE','HR','MANAGER','OWNER','SUPERVISOR') not null,
        primary key (id)
    ) engine=InnoDB
Hibernate: 
    create table users (
        enabled bit not null,
        must_change_password bit not null,
        created_at datetime(6),
        id bigint not null auto_increment,
        updated_at datetime(6),
        username varchar(60) not null,
        email varchar(120) not null,
        password varchar(255) not null,
        role enum ('ACCOUNTANT','DEPARTMENT_MANAGER','EMPLOYEE','HR','MANAGER','OWNER','SUPERVISOR') not null,
        primary key (id)
    ) engine=InnoDB
2026-09-08T21:18:47.049+07:00 DEBUG 17312 --- [hotel-workforce-management] [           main] org.hibernate.SQL                        : 
    alter table users 
       add constraint uk_users_username unique (username)
Hibernate: 
    alter table users 
       add constraint uk_users_username unique (username)
2026-09-08T21:18:47.063+07:00 DEBUG 17312 --- [hotel-workforce-management] [           main] org.hibernate.SQL                        : 
    alter table users 
       add constraint uk_users_email unique (email)
Hibernate: 
    alter table users 
       add constraint uk_users_email unique (email)
2026-09-08T21:18:47.078+07:00  INFO 17312 --- [hotel-workforce-management] [           main] j.LocalContainerEntityManagerFactoryBean : Initialized JPA EntityManagerFactory for persistence unit 'default'
2026-09-08T21:18:47.368+07:00  WARN 17312 --- [hotel-workforce-management] [           main] JpaBaseConfiguration$JpaWebConfiguration : spring.jpa.open-in-view is enabled by default. Therefore, database queries may be performed during view rendering. Explicitly configure spring.jpa.open-in-view to disable this warning
2026-09-08T21:18:47.401+07:00  INFO 17312 --- [hotel-workforce-management] [           main] eAuthenticationProviderManagerConfigurer : Global AuthenticationManager configured with AuthenticationProvider bean with name authenticationProvider
2026-09-08T21:18:47.402+07:00  WARN 17312 --- [hotel-workforce-management] [           main] r$InitializeUserDetailsManagerConfigurer : Global AuthenticationManager configured with an AuthenticationProvider bean. UserDetailsService beans will not be used for username/password login. Consider removing the AuthenticationProvider bean. Alternatively, consider using the UserDetailsService in a manually instantiated DaoAuthenticationProvider.
2026-09-08T21:18:47.863+07:00  INFO 17312 --- [hotel-workforce-management] [           main] o.s.b.w.embedded.tomcat.TomcatWebServer  : Tomcat started on port 8080 (http) with context path '/api'
2026-09-08T21:18:47.872+07:00  INFO 17312 --- [hotel-workforce-management] [           main] c.e.S.Swp391G2Se2055JvApplication        : Started Swp391G2Se2055JvApplication in 3.802 seconds (process running for 4.094)
2026-09-08T21:18:48.062+07:00 DEBUG 17312 --- [hotel-workforce-management] [           main] org.hibernate.SQL                        : 
    select
        count(*) 
    from
        users u1_0
Hibernate: 
    select
        count(*) 
    from
        users u1_0
2026-09-08T21:18:48.177+07:00 DEBUG 17312 --- [hotel-workforce-management] [           main] org.hibernate.SQL                        : 
    insert 
    into
        users
        (created_at, email, enabled, must_change_password, password, role, updated_at, username) 
    values
        (?, ?, ?, ?, ?, ?, ?, ?)
Hibernate: 
    insert 
    into
        users
        (created_at, email, enabled, must_change_password, password, role, updated_at, username) 
    values
        (?, ?, ?, ?, ?, ?, ?, ?)
2026-09-08T21:18:48.195+07:00 DEBUG 17312 --- [hotel-workforce-management] [           main] org.hibernate.SQL                        : 
    insert 
    into
        users
        (created_at, email, enabled, must_change_password, password, role, updated_at, username) 
    values
        (?, ?, ?, ?, ?, ?, ?, ?)
Hibernate: 
    insert 
    into
        users
        (created_at, email, enabled, must_change_password, password, role, updated_at, username) 
    values
        (?, ?, ?, ?, ?, ?, ?, ?)
2026-09-08T21:18:48.198+07:00 DEBUG 17312 --- [hotel-workforce-management] [           main] org.hibernate.SQL                        : 
    insert 
    into
        users
        (created_at, email, enabled, must_change_password, password, role, updated_at, username) 
    values
        (?, ?, ?, ?, ?, ?, ?, ?)
Hibernate: 
    insert 
    into
        users
        (created_at, email, enabled, must_change_password, password, role, updated_at, username) 
    values
        (?, ?, ?, ?, ?, ?, ?, ?)
2026-09-08T21:18:48.201+07:00 DEBUG 17312 --- [hotel-workforce-management] [           main] org.hibernate.SQL                        : 
    insert 
    into
        users
        (created_at, email, enabled, must_change_password, password, role, updated_at, username) 
    values
        (?, ?, ?, ?, ?, ?, ?, ?)
Hibernate: 
    insert 
    into
        users
        (created_at, email, enabled, must_change_password, password, role, updated_at, username) 
    values
        (?, ?, ?, ?, ?, ?, ?, ?)
2026-09-08T21:18:48.204+07:00 DEBUG 17312 --- [hotel-workforce-management] [           main] org.hibernate.SQL                        : 
    insert 
    into
        users
        (created_at, email, enabled, must_change_password, password, role, updated_at, username) 
    values
        (?, ?, ?, ?, ?, ?, ?, ?)
Hibernate: 
    insert 
    into
        users
        (created_at, email, enabled, must_change_password, password, role, updated_at, username) 
    values
        (?, ?, ?, ?, ?, ?, ?, ?)
2026-09-08T21:18:48.207+07:00 DEBUG 17312 --- [hotel-workforce-management] [           main] org.hibernate.SQL                        : 
    insert 
    into
        users
        (created_at, email, enabled, must_change_password, password, role, updated_at, username) 
    values
        (?, ?, ?, ?, ?, ?, ?, ?)
Hibernate: 
    insert 
    into
        users
        (created_at, email, enabled, must_change_password, password, role, updated_at, username) 
    values
        (?, ?, ?, ?, ?, ?, ?, ?)
2026-09-08T21:18:48.210+07:00 DEBUG 17312 --- [hotel-workforce-management] [           main] org.hibernate.SQL                        : 
    insert 
    into
        users
        (created_at, email, enabled, must_change_password, password, role, updated_at, username) 
    values
        (?, ?, ?, ?, ?, ?, ?, ?)
Hibernate: 
    insert 
    into
        users
        (created_at, email, enabled, must_change_password, password, role, updated_at, username) 
    values
        (?, ?, ?, ?, ?, ?, ?, ?)
2026-09-08T21:18:48.219+07:00  INFO 17312 --- [hotel-workforce-management] [           main] c.e.S.config.DataInitializer             : [DataInitializer] Seeded 7 test users (password: Password123)
